
  You can now view your Streamlit app in your browser.

  URL: http://0.0.0.0:8501

[31m──[0m[31m────────────────────────[0m[31m [0m[1;31mTraceback [0m[1;2;31m(most recent call last)[0m[31m [0m[31m─────────────────────────[0m[31m──[0m
[31m [0m [2;33m/home/bigfriend/anaconda3/lib/python3.13/site-packages/streamlit/runtime/state/[0m[1;33msessi[0m [31m [0m
[31m [0m [1;33mon_state.py[0m:[94m454[0m in [92m__getitem__[0m                                                       [31m [0m
[31m [0m                                                                                      [31m [0m
[31m [0m [2;33m/home/bigfriend/anaconda3/lib/python3.13/site-packages/streamlit/runtime/state/[0m[1;33msessi[0m [31m [0m
[31m [0m [1;33mon_state.py[0m:[94m499[0m in [92m_getitem[0m                                                          [31m [0m
[31m────────────────────────────────────────────────────────────────────────────────────────[0m
[1;91mKeyError[0m

[3mDuring handling of the above exception, another exception occurred:[0m

[31m──[0m[31m────────────────────────[0m[31m [0m[1;31mTraceback [0m[1;2;31m(most recent call last)[0m[31m [0m[31m─────────────────────────[0m[31m──[0m
[31m [0m [2;33m/home/bigfriend/anaconda3/lib/python3.13/site-packages/streamlit/runtime/state/[0m[1;33msessi[0m [31m [0m
[31m [0m [1;33mon_state_proxy.py[0m:[94m130[0m in [92m__getattr__[0m                                                 [31m [0m
[31m [0m                                                                                      [31m [0m
[31m [0m [2;33m/home/bigfriend/anaconda3/lib/python3.13/site-packages/streamlit/runtime/state/[0m[1;33msessi[0m [31m [0m
[31m [0m [1;33mon_state_proxy.py[0m:[94m101[0m in [92m__getitem__[0m                                                 [31m [0m
[31m [0m                                                                                      [31m [0m
[31m [0m [2;33m/home/bigfriend/anaconda3/lib/python3.13/site-packages/streamlit/runtime/state/[0m[1;33msafe_[0m [31m [0m
[31m [0m [1;33msession_state.py[0m:[94m96[0m in [92m__getitem__[0m                                                   [31m [0m
[31m [0m                                                                                      [31m [0m
[31m [0m [2;33m/home/bigfriend/anaconda3/lib/python3.13/site-packages/streamlit/runtime/state/[0m[1;33msessi[0m [31m [0m
[31m [0m [1;33mon_state.py[0m:[94m456[0m in [92m__getitem__[0m                                                       [31m [0m
[31m────────────────────────────────────────────────────────────────────────────────────────[0m
[1;91mKeyError: [0m[32m'st.session_state has no key "llm_config". Did you forget to initialize it? [0m
[32mMore info: [0m
[32mhttps://docs.streamlit.io/develop/concepts/architecture/session-state#initialization'[0m

[3mDuring handling of the above exception, another exception occurred:[0m

[31m──[0m[31m────────────────────────[0m[31m [0m[1;31mTraceback [0m[1;2;31m(most recent call last)[0m[31m [0m[31m─────────────────────────[0m[31m──[0m
[31m [0m [2;33m/home/bigfriend/anaconda3/lib/python3.13/site-packages/streamlit/runtime/scriptrunne[0m [31m [0m
[31m [0m [2;33mr/[0m[1;33mexec_code.py[0m:[94m121[0m in [92mexec_func_with_error_handling[0m                                  [31m [0m
[31m [0m                                                                                      [31m [0m
[31m [0m [2;33m/home/bigfriend/anaconda3/lib/python3.13/site-packages/streamlit/runtime/scriptrunne[0m [31m [0m
[31m [0m [2;33mr/[0m[1;33mscript_runner.py[0m:[94m645[0m in [92mcode_to_exec[0m                                               [31m [0m
[31m [0m                                                                                      [31m [0m
[31m [0m [2;33m/home/bigfriend/Documentos/7iadtF2/7IADTF2M/src/web/[0m[1;33mapp.py[0m:[94m2045[0m in [92m<module>[0m          [31m [0m
[31m [0m                                                                                      [31m [0m
[31m [0m   [2m2042 [0m[2m│   [0m                                                                          [31m [0m
[31m [0m   [2m2043 [0m[2m│   [0m[2m# Mostra config atual[0m                                                     [31m [0m
[31m [0m   [2m2044 [0m[2m│   [0m[94mwith[0m st.expander([33m"[0m[33m📋 Configuração Atual[0m[33m"[0m):                                [31m [0m
[31m [0m [31m❱ [0m2045 [2m│   │   [0mcfg = [1;4mst.session_state.llm_config[0m                                     [31m [0m
[31m [0m   [2m2046 [0m[2m│   │   [0mst.json({                                                             [31m [0m
[31m [0m   [2m2047 [0m[2m│   │   │   [0m[33m"[0m[33mprovider[0m[33m"[0m: cfg.get([33m'[0m[33mprovider[0m[33m'[0m),                                  [31m [0m
[31m [0m   [2m2048 [0m[2m│   │   │   [0m[33m"[0m[33mmodel[0m[33m"[0m: cfg.get([33m'[0m[33mmodel[0m[33m'[0m),                                        [31m [0m
[31m [0m                                                                                      [31m [0m
[31m [0m [2;33m/home/bigfriend/anaconda3/lib/python3.13/site-packages/streamlit/runtime/state/[0m[1;33msessi[0m [31m [0m
[31m [0m [1;33mon_state_proxy.py[0m:[94m132[0m in [92m__getattr__[0m                                                 [31m [0m
[31m────────────────────────────────────────────────────────────────────────────────────────[0m
[1;91mAttributeError: [0mst.session_state has no attribute [32m"llm_config"[0m. Did you forget to 
initialize it? More info: 
[4;94mhttps://docs.streamlit.io/develop/concepts/architecture/session-state#initialization[0m
  Stopping...
  Stopping...
